
Deployment Image Servicing and Management tool
Version: 10.0.26100.8972

Image Version: 10.0.26100.9457


[======                     10.5%                          ] 

[=========                  16.9%                          ] 

[=========                  16.9%                          ] 

[=========                  16.9%                          ] 

[=========                  16.9%                          ] 

[=========                  16.9%                          ] 

[==========                 18.3%                          ] 

[==========                 18.3%                          ] 

[==========                 18.3%                          ] 

[===========                19.1%                          ] 

[===========                19.5%                          ] 

[==============             25.8%                          ] 

[====================       34.6%                          ] 

[========================   42.6%                          ] 

[===========================51.9%                          ] 

[===========================59.2%==                        ] 

[===========================80.2%==============            ] 

[===========================97.9%========================  ] 

[===========================97.9%========================  ] 

[===========================97.9%========================  ] 

[===========================97.9%========================  ] 

[==========================100.0%==========================] 

Component Store (WinSxS) information:

Windows Explorer Reported Size of Component Store : 19.50 GB

Actual Size of Component Store : 18.08 GB

    Shared with Windows : 8.43 GB
    Backups and Disabled Features : 9.49 GB
    Cache and Temporary Data : 158.36 MB

Date of Last Cleanup : 2026-09-19 13:03:18

Number of Reclaimable Packages : 6
Component Store Cleanup Recommended : Yes

The operation completed successfully.
#=#0